argc = 6
argv[0] = foo_bar.wasm
argv[1] = FOO
argv[2] = BAR
argv[3] = XXX
argv[4] = FIZZ
argv[5] = BUZZ
